
> snt-app@0.1.0 build
> next build

   ▲ Next.js 15.5.19
   - Environments: .env

   Creating an optimized production build ...
 ✓ Compiled successfully in 11.5s
   Linting and checking validity of types ...
Failed to compile.

./src/app/api/auth/next-auth.config.ts:11:10
Type error: Module '"@/lib/auth"' has no exported member 'GET'.

[0m [90m  9 |[39m [90m * @see src/lib/auth.ts — основная конфигурация NextAuth[39m
 [90m 10 |[39m [90m */[39m
[31m[1m>[22m[39m[90m 11 |[39m [36mexport[39m { [33mGET[39m[33m,[39m [33mPOST[39m } [36mfrom[39m [32m'@/lib/auth'[39m[33m;[39m
 [90m    |[39m          [31m[1m^[22m[39m
 [90m 12 |[39m[0m
Next.js build worker exited with code: 1 and signal: null
